../Core/Src/main.c:93:5:__io_putchar	16	static
../Core/Src/main.c:104:5:main	8	static
../Core/Src/main.c:153:6:SystemClock_Config	88	static
../Core/Src/main.c:200:13:MX_ADC1_Init	24	static
../Core/Src/main.c:252:13:MX_TIM2_Init	32	static
../Core/Src/main.c:297:13:MX_TIM3_Init	32	static
../Core/Src/main.c:342:13:MX_TIM4_Init	32	static
../Core/Src/main.c:387:13:MX_USART2_UART_Init	8	static
../Core/Src/main.c:418:13:MX_DMA_Init	16	static
../Core/Src/main.c:436:13:MX_GPIO_Init	48	static
../Core/Src/main.c:476:6:Error_Handler	4	static,ignoring_inline_asm
