../Core/Src/main.c:112:5:__io_putchar	16	static
../Core/Src/main.c:123:10:crc16_ccitt_false	24	static
../Core/Src/main.c:135:6:HAL_UART_RxCpltCallback	16	static
../Core/Src/main.c:160:6:HAL_TIM_PeriodElapsedCallback	40	static
../Core/Src/main.c:417:6:ADC_Select_CH0	24	static
../Core/Src/main.c:431:6:ADC_Select_CH1	24	static
../Core/Src/main.c:444:6:ADC_Select_CH4	24	static
../Core/Src/main.c:457:6:ADC_Select_CH8	24	static
../Core/Src/main.c:470:6:ADC_Select_CH10	24	static
../Core/Src/main.c:483:6:ADC_Select_CH11	24	static
../Core/Src/main.c:497:6:HAL_ADC_ConvCpltCallback	16	static
../Core/Src/main.c:565:5:main	8	static
../Core/Src/main.c:668:6:SystemClock_Config	88	static
../Core/Src/main.c:715:13:MX_ADC1_Init	24	static
../Core/Src/main.c:767:13:MX_TIM1_Init	32	static
../Core/Src/main.c:813:13:MX_TIM2_Init	32	static
../Core/Src/main.c:858:13:MX_TIM3_Init	32	static
../Core/Src/main.c:903:13:MX_USART2_UART_Init	8	static
../Core/Src/main.c:934:13:MX_DMA_Init	16	static
../Core/Src/main.c:952:13:MX_GPIO_Init	48	static
../Core/Src/main.c:985:6:sendDataRamkaDynamT	80	dynamic
../Core/Src/main.c:1038:10:parse_crc_from_text	24	static
../Core/Src/main.c:1045:6:receive_data_frame	32	static
../Core/Src/main.c:1074:6:process_received_data	48	static
../Core/Src/main.c:1158:6:HAL_Delay_us	24	static
../Core/Src/main.c:1163:6:HAL_ADC_ErrorCallback	16	static
../Core/Src/main.c:1173:6:Error_Handler	4	static,ignoring_inline_asm
